<html>
<body>
<pre>
<h1>礦ision Build Log</h1>
<h2>Tool Versions:</h2>
IDE-Version: μVision V5.33.0.0
Copyright (C) 2020 ARM Ltd and ARM Germany GmbH. All rights reserved.
License Information: lc 13051052765@163.com, lc, LIC=GMZI6-D0KAE-Y86FK-ZQ27A-HWEZK-EY2BJ
 
Tool Versions:
Toolchain:       MDK-ARM Plus  Version: 5.33.0.0
Toolchain Path:  C:\keil_533\ARM\ARMCC\Bin
C Compiler:      Armcc.exe V5.06 update 7 (build 960)
Assembler:       Armasm.exe V5.06 update 7 (build 960)
Linker/Locator:  ArmLink.exe V5.06 update 7 (build 960)
Library Manager: ArmAr.exe V5.06 update 7 (build 960)
Hex Converter:   FromElf.exe V5.06 update 7 (build 960)
CPU DLL:         SARMCM3.DLL V5.33.0.0
Dialog DLL:      DCM.DLL V1.17.3.0
Target DLL:      Segger\JL2CM3.dll V2.99.38.0
Dialog DLL:      TCM.DLL V1.48.0.0
 
<h2>Project:</h2>
D:\work\项目\电机控制\伺服控制\软件设计\motor\MDK-ARM\MOTOR.uvprojx
Project File Date:  01/10/2022

<h2>Output:</h2>
*** Using Compiler 'V5.06 update 7 (build 960)', folder: 'C:\keil_533\ARM\ARMCC\Bin'
Build target 'MOTOR'
compiling motor_control.c...
..\Hardware\inc\hmc80x5_api.h(43): warning:  #1-D: last line of file ends without a newline
  #endif
..\Application\src\motor_control.c(23): warning:  #177-D: variable "limitStatus"  was declared but never referenced
  	int limitStatus = 0;
..\Application\src\motor_control.c(148): warning:  #167-D: argument of type "int *" is incompatible with parameter of type "unsigned int *"
  		Read_Position(0, i, &pMotorMsgSt.queue[i].position, &pMotorMsgSt.queue[i].run_state, &pMotorMsgSt.queue[i].Io_state, &SyncIO);
..\Application\src\motor_control.c(142): warning:  #177-D: variable "code_num"  was declared but never referenced
  	int code_num = 0;
..\Application\src\motor_control.c(143): warning:  #177-D: variable "limitStatus"  was declared but never referenced
  	int limitStatus = 0;
..\Application\src\motor_control.c: 5 warnings, 0 errors
linking...
Program Size: Code=51588 RO-data=396 RW-data=500 ZI-data=43732  
FromELF: creating hex file...
".\MOTOR\motor_con.axf" - 0 Error(s), 5 Warning(s).

<h2>Software Packages used:</h2>

Package Vendor: ARM
                http://www.keil.com/pack/ARM.CMSIS.5.7.0.pack
                ARM.CMSIS.5.7.0
                CMSIS (Cortex Microcontroller Software Interface Standard)
   * Component: CORE Version: 5.4.0

Package Vendor: Keil
                http://www.keil.com/pack/Keil.STM32F1xx_DFP.2.2.0.pack
                Keil.STM32F1xx_DFP.2.2.0
                STMicroelectronics STM32F1 Series Device Support, Drivers and Examples

<h2>Collection of Component include folders:</h2>
  .\RTE\_MOTOR
  C:\Users\13051\AppData\Local\Arm\Packs\ARM\CMSIS\5.7.0\CMSIS\Core\Include
  C:\Users\13051\AppData\Local\Arm\Packs\Keil\STM32F1xx_DFP\2.2.0\Device\Include

<h2>Collection of Component Files used:</h2>

   * Component: ARM::CMSIS:CORE:5.4.0
Build Time Elapsed:  00:00:01
</pre>
</body>
</html>
